// Jest Snapshot v1, https://goo.gl/fbAQLP

exports[`add an item 1`] = `ShallowWrapper {}`;
