// Jest Snapshot v1, https://goo.gl/fbAQLP

exports[`activity delete 1`] = `ShallowWrapper {}`;

exports[`activity edit 1`] = `ShallowWrapper {}`;
